intercepts-1-0 completed 0.357
intercepts-0-0 completed 0.352
intercepts-0-1 completed 0.352
intercepts-1-1 completed 0.353
intercepts-1-2 completed 0.351
intercepts-0-2 completed 0.353
intercepts-0-3 completed 0.351
intercepts-1-3 completed 0.356
theta_slope-1-0 completed 0.393
theta_slope-0-0 completed 0.394
theta_slope-0-1 completed 0.405
theta_slope-1-1 completed 0.414
theta_slope-1-2 completed 0.406
theta_slope-0-2 completed 0.407
theta_slope-0-3 completed 0.397
theta_slope-1-3 completed 0.396
nu_slope-1-0 completed 0.395
nu_slope-0-0 completed 0.395
nu_slope-0-1 completed 0.396
nu_slope-1-1 completed 0.391
nu_slope-1-2 completed 0.393
nu_slope-0-2 completed 0.396
nu_slope-0-3 completed 0.392
nu_slope-1-3 completed 0.398
strong_prior-1-0 completed 0.441
strong_prior-0-0 completed 0.434
strong_prior-0-1 completed 0.436
strong_prior-1-1 completed 0.436
strong_prior-1-2 completed 0.436
strong_prior-0-2 completed 0.443
strong_prior-0-3 completed 0.436
strong_prior-1-3 completed 0.444
weak_prior-1-0 completed 0.454
weak_prior-0-0 completed 0.451
weak_prior-0-1 completed 0.449
weak_prior-1-1 completed 0.524
weak_prior-1-2 completed 0.451
weak_prior-0-2 completed 0.455
weak_prior-0-3 completed 0.457
weak_prior-1-3 completed 0.459
zero_heavy-1-0 completed 0.604
zero_heavy-0-0 proposal_cap 1.278
zero_heavy-0-1 proposal_cap 1.275
zero_heavy-1-1 completed 0.593
zero_heavy-1-2 completed 0.628
zero_heavy-0-2 proposal_cap 1.28
zero_heavy-0-3 proposal_cap 1.275
zero_heavy-1-3 completed 0.594
stiff_axis-1-0 completed 4.927
stiff_axis-0-0 proposal_cap 0.43
stiff_axis-0-1 proposal_cap 0.435
stiff_axis-1-1 completed 4.651
stiff_axis-1-2 completed 4.671
stiff_axis-0-2 proposal_cap 0.443
stiff_axis-0-3 proposal_cap 0.437
stiff_axis-1-3 completed 4.844
gaussian-1-0 completed 0.235
gaussian-0-0 completed 0.242
gaussian-0-1 completed 0.234
gaussian-1-1 completed 0.233
gaussian-1-2 completed 0.235
gaussian-0-2 completed 0.234
gaussian-0-3 completed 0.235
gaussian-1-3 completed 0.234
binomial-1-0 completed 0.248
binomial-0-0 completed 0.249
binomial-0-1 completed 0.251
binomial-1-1 completed 0.246
binomial-1-2 completed 0.246
binomial-0-2 completed 0.251
binomial-0-3 completed 0.256
binomial-1-3 completed 0.251
poisson-1-0 completed 0.348
poisson-0-0 completed 0.33
poisson-0-1 completed 0.331
poisson-1-1 completed 0.343
poisson-1-2 completed 0.344
poisson-0-2 completed 0.33
poisson-0-3 completed 0.327
poisson-1-3 completed 0.352
