During startup - Warning messages:
1: Setting LC_CTYPE failed, using "C" 
2: Setting LC_COLLATE failed, using "C" 
3: Setting LC_TIME failed, using "C" 
4: Setting LC_MESSAGES failed, using "C" 
5: Setting LC_MONETARY failed, using "C" 
Loading required package: MASS
nonzero offsets: fitted counts 2 2 expected 2.710088 
nu with offset: returned 1 1 expected 1.5
fractional augmentation accepted: [1] 0.2727273 0.0000000
registration arity: [1] 18
internal wrapper formals: [1] 16
R version 4.5.2 (2025-10-31)
Platform: aarch64-apple-darwin20
Running under: macOS Ventura 13.0.1

Matrix products: default
BLAS:   /System/Library/Frameworks/Accelerate.framework/Versions/A/Frameworks/vecLib.framework/Versions/A/libBLAS.dylib 
LAPACK: /Library/Frameworks/R.framework/Versions/4.5-arm64/Resources/lib/libRlapack.dylib;  LAPACK version 3.12.1

locale:
[1] C

time zone: America/Los_Angeles
tzcode source: internal

attached base packages:
[1] stats     graphics  grDevices utils     datasets  methods   base     

other attached packages:
[1] glmbayes_0.9.76.9001 MASS_7.3-66         

loaded via a namespace (and not attached):
 [1] compiler_4.5.2     tools_4.5.2        Rcpp_1.1.2         opencltools_0.8.3 
 [5] bayestestR_0.18.1  insight_1.5.2      rbibutils_2.4.1    Rdpack_2.6.6      
 [9] RcppParallel_6.2.1 nmathopencl_0.8.3 
