During startup - Warning messages:
1: Setting LC_CTYPE failed, using "C" 
2: Setting LC_COLLATE failed, using "C" 
3: Setting LC_TIME failed, using "C" 
4: Setting LC_MESSAGES failed, using "C" 
5: Setting LC_MONETARY failed, using "C" 
* installing *source* package 'glmbayes' ...
** this is package 'glmbayes' version '0.9.76.9001'
** using staged installation
>> configure: R_HOME = '/Library/Frameworks/R.framework/Resources'
During startup - Warning messages:
1: Setting LC_CTYPE failed, using "C" 
2: Setting LC_COLLATE failed, using "C" 
3: Setting LC_TIME failed, using "C" 
4: Setting LC_MESSAGES failed, using "C" 
5: Setting LC_MONETARY failed, using "C" 
During startup - Warning messages:
1: Setting LC_CTYPE failed, using "C" 
2: Setting LC_COLLATE failed, using "C" 
3: Setting LC_TIME failed, using "C" 
4: Setting LC_MESSAGES failed, using "C" 
5: Setting LC_MONETARY failed, using "C" 
>> Detected RcppParallel include dir: /Library/Frameworks/R.framework/Versions/4.5-arm64/Resources/library/RcppParallel/include
>> Detected RcppParallel lib dir: /Library/Frameworks/R.framework/Versions/4.5-arm64/Resources/library/RcppParallel/lib
>> RPP_INC_DIR      = '/Library/Frameworks/R.framework/Versions/4.5-arm64/Resources/library/RcppParallel/include'
>> RPP_LIB_DIR      = '/Library/Frameworks/R.framework/Versions/4.5-arm64/Resources/library/RcppParallel/lib'
🔧 EMSCRIPTEN_BUILD=NO
>> OS      = 'Darwin'
🚀 Emscripten detected: disabling OpenMP flags
>> RPP_CPPFLAGS = '-I/Library/Frameworks/R.framework/Versions/4.5-arm64/Resources/library/RcppParallel/include'
>> RPP_LDFLAGS = '-L/Library/Frameworks/R.framework/Versions/4.5-arm64/Resources/library/RcppParallel/lib -ltbb -ltbbmalloc -Wl,-rpath,/Library/Frameworks/R.framework/Versions/4.5-arm64/Resources/library/RcppParallel/lib'
📚 Collecting system include directories from gcc...
/Library/Developer/CommandLineTools/SDKs/MacOSX.sdk/usr/include/c++/v1
/Library/Developer/CommandLineTools/usr/lib/clang/14.0.3/include
/Library/Developer/CommandLineTools/SDKs/MacOSX.sdk/usr/include
/Library/Developer/CommandLineTools/usr/include
/Library/Developer/CommandLineTools/SDKs/MacOSX.sdk/System/Library/Frameworks (framework directory)
🔎 Checking: /Library/Developer/CommandLineTools/SDKs/MacOSX.sdk/usr/include/c++/v1
🔎 Checking: /Library/Developer/CommandLineTools/usr/lib/clang/14.0.3/include
🔎 Checking: /Library/Developer/CommandLineTools/SDKs/MacOSX.sdk/usr/include
🔎 Checking: /Library/Developer/CommandLineTools/usr/include
🔎 Checking: /Library/Developer/CommandLineTools/SDKs/MacOSX.sdk/System/Library/Frameworks
🔎 Checking: (framework
🔎 Checking: directory)
📚 Collecting system lib directories from gcc...



⚠️  OpenCL not found: falling back to CPU-only
Final OpenCL Detection:
OPENCL_INCLUDE_FOUND = no
OPENCL_LIB_FOUND     = no
OPENCL_FOUND         = no
OPENCL_RUNTIME_FOUND = no
OpenCL manually disabled or not discovered
Checking for NVIDIA GPU via nvidia-smi...
⚠️ CUDA driver library not found — GPU detection may fail.
GPU detected: env: /usr/bin/nvidia-smi: No such file or directory
>> FULL_CXXFLAGS    = ''
>> FULL_LIBS        = ' $(LAPACK_LIBS) $(BLAS_LIBS) $(FLIBS)'
>> FULL_CXXFLAGS    = ' -I/Library/Frameworks/R.framework/Versions/4.5-arm64/Resources/library/RcppParallel/include'
>> FULL_LIBS        = ' $(LAPACK_LIBS) $(BLAS_LIBS) $(FLIBS) -L/Library/Frameworks/R.framework/Versions/4.5-arm64/Resources/library/RcppParallel/lib -ltbb -ltbbmalloc -Wl,-rpath,/Library/Frameworks/R.framework/Versions/4.5-arm64/Resources/library/RcppParallel/lib'
** libs
using C++ compiler: 'Apple clang version 14.0.3 (clang-1403.0.22.14.1)'
using SDK: 'MacOSX13.3.sdk'
clang++ -arch arm64 -std=gnu++17 -I"/Library/Frameworks/R.framework/Resources/include" -DNDEBUG  -I'/Library/Frameworks/R.framework/Versions/4.5-arm64/Resources/library/Rcpp/include' -I'/Library/Frameworks/R.framework/Versions/4.5-arm64/Resources/library/RcppArmadillo/include' -I'/Library/Frameworks/R.framework/Versions/4.5-arm64/Resources/library/RcppParallel/include' -I'/Library/Frameworks/R.framework/Versions/4.5-arm64/Resources/library/opencltools/include' -I/opt/R/arm64/include   -I/Library/Frameworks/R.framework/Versions/4.5-arm64/Resources/library/RcppParallel/include -fPIC  -falign-functions=64 -Wall -g -O2   -c EnvelopeBuild.cpp -o EnvelopeBuild.o
EnvelopeBuild.cpp:279:7: warning: variable 'refine_iters' set but not used [-Wunused-but-set-variable]
  int refine_iters = 0;
      ^
1 warning generated.
clang++ -arch arm64 -std=gnu++17 -I"/Library/Frameworks/R.framework/Resources/include" -DNDEBUG  -I'/Library/Frameworks/R.framework/Versions/4.5-arm64/Resources/library/Rcpp/include' -I'/Library/Frameworks/R.framework/Versions/4.5-arm64/Resources/library/RcppArmadillo/include' -I'/Library/Frameworks/R.framework/Versions/4.5-arm64/Resources/library/RcppParallel/include' -I'/Library/Frameworks/R.framework/Versions/4.5-arm64/Resources/library/opencltools/include' -I/opt/R/arm64/include   -I/Library/Frameworks/R.framework/Versions/4.5-arm64/Resources/library/RcppParallel/include -fPIC  -falign-functions=64 -Wall -g -O2   -c EnvelopeBuild_Ind_Normal_Gamma.cpp -o EnvelopeBuild_Ind_Normal_Gamma.o
clang++ -arch arm64 -std=gnu++17 -I"/Library/Frameworks/R.framework/Resources/include" -DNDEBUG  -I'/Library/Frameworks/R.framework/Versions/4.5-arm64/Resources/library/Rcpp/include' -I'/Library/Frameworks/R.framework/Versions/4.5-arm64/Resources/library/RcppArmadillo/include' -I'/Library/Frameworks/R.framework/Versions/4.5-arm64/Resources/library/RcppParallel/include' -I'/Library/Frameworks/R.framework/Versions/4.5-arm64/Resources/library/opencltools/include' -I/opt/R/arm64/include   -I/Library/Frameworks/R.framework/Versions/4.5-arm64/Resources/library/RcppParallel/include -fPIC  -falign-functions=64 -Wall -g -O2   -c EnvelopeCentering.cpp -o EnvelopeCentering.o
clang++ -arch arm64 -std=gnu++17 -I"/Library/Frameworks/R.framework/Resources/include" -DNDEBUG  -I'/Library/Frameworks/R.framework/Versions/4.5-arm64/Resources/library/Rcpp/include' -I'/Library/Frameworks/R.framework/Versions/4.5-arm64/Resources/library/RcppArmadillo/include' -I'/Library/Frameworks/R.framework/Versions/4.5-arm64/Resources/library/RcppParallel/include' -I'/Library/Frameworks/R.framework/Versions/4.5-arm64/Resources/library/opencltools/include' -I/opt/R/arm64/include   -I/Library/Frameworks/R.framework/Versions/4.5-arm64/Resources/library/RcppParallel/include -fPIC  -falign-functions=64 -Wall -g -O2   -c EnvelopeDispersionBuild.cpp -o EnvelopeDispersionBuild.o
clang++ -arch arm64 -std=gnu++17 -I"/Library/Frameworks/R.framework/Resources/include" -DNDEBUG  -I'/Library/Frameworks/R.framework/Versions/4.5-arm64/Resources/library/Rcpp/include' -I'/Library/Frameworks/R.framework/Versions/4.5-arm64/Resources/library/RcppArmadillo/include' -I'/Library/Frameworks/R.framework/Versions/4.5-arm64/Resources/library/RcppParallel/include' -I'/Library/Frameworks/R.framework/Versions/4.5-arm64/Resources/library/opencltools/include' -I/opt/R/arm64/include   -I/Library/Frameworks/R.framework/Versions/4.5-arm64/Resources/library/RcppParallel/include -fPIC  -falign-functions=64 -Wall -g -O2   -c EnvelopeEval.cpp -o EnvelopeEval.o
clang++ -arch arm64 -std=gnu++17 -I"/Library/Frameworks/R.framework/Resources/include" -DNDEBUG  -I'/Library/Frameworks/R.framework/Versions/4.5-arm64/Resources/library/Rcpp/include' -I'/Library/Frameworks/R.framework/Versions/4.5-arm64/Resources/library/RcppArmadillo/include' -I'/Library/Frameworks/R.framework/Versions/4.5-arm64/Resources/library/RcppParallel/include' -I'/Library/Frameworks/R.framework/Versions/4.5-arm64/Resources/library/opencltools/include' -I/opt/R/arm64/include   -I/Library/Frameworks/R.framework/Versions/4.5-arm64/Resources/library/RcppParallel/include -fPIC  -falign-functions=64 -Wall -g -O2   -c EnvelopeOrchestrator.cpp -o EnvelopeOrchestrator.o
clang++ -arch arm64 -std=gnu++17 -I"/Library/Frameworks/R.framework/Resources/include" -DNDEBUG  -I'/Library/Frameworks/R.framework/Versions/4.5-arm64/Resources/library/Rcpp/include' -I'/Library/Frameworks/R.framework/Versions/4.5-arm64/Resources/library/RcppArmadillo/include' -I'/Library/Frameworks/R.framework/Versions/4.5-arm64/Resources/library/RcppParallel/include' -I'/Library/Frameworks/R.framework/Versions/4.5-arm64/Resources/library/opencltools/include' -I/opt/R/arm64/include   -I/Library/Frameworks/R.framework/Versions/4.5-arm64/Resources/library/RcppParallel/include -fPIC  -falign-functions=64 -Wall -g -O2   -c EnvelopeSize.cpp -o EnvelopeSize.o
clang++ -arch arm64 -std=gnu++17 -I"/Library/Frameworks/R.framework/Resources/include" -DNDEBUG  -I'/Library/Frameworks/R.framework/Versions/4.5-arm64/Resources/library/Rcpp/include' -I'/Library/Frameworks/R.framework/Versions/4.5-arm64/Resources/library/RcppArmadillo/include' -I'/Library/Frameworks/R.framework/Versions/4.5-arm64/Resources/library/RcppParallel/include' -I'/Library/Frameworks/R.framework/Versions/4.5-arm64/Resources/library/opencltools/include' -I/opt/R/arm64/include   -I/Library/Frameworks/R.framework/Versions/4.5-arm64/Resources/library/RcppParallel/include -fPIC  -falign-functions=64 -Wall -g -O2   -c EnvelopeSort.cpp -o EnvelopeSort.o
clang++ -arch arm64 -std=gnu++17 -I"/Library/Frameworks/R.framework/Resources/include" -DNDEBUG  -I'/Library/Frameworks/R.framework/Versions/4.5-arm64/Resources/library/Rcpp/include' -I'/Library/Frameworks/R.framework/Versions/4.5-arm64/Resources/library/RcppArmadillo/include' -I'/Library/Frameworks/R.framework/Versions/4.5-arm64/Resources/library/RcppParallel/include' -I'/Library/Frameworks/R.framework/Versions/4.5-arm64/Resources/library/opencltools/include' -I/opt/R/arm64/include   -I/Library/Frameworks/R.framework/Versions/4.5-arm64/Resources/library/RcppParallel/include -fPIC  -falign-functions=64 -Wall -g -O2   -c OpenCL_helper.cpp -o OpenCL_helper.o
clang++ -arch arm64 -std=gnu++17 -I"/Library/Frameworks/R.framework/Resources/include" -DNDEBUG  -I'/Library/Frameworks/R.framework/Versions/4.5-arm64/Resources/library/Rcpp/include' -I'/Library/Frameworks/R.framework/Versions/4.5-arm64/Resources/library/RcppArmadillo/include' -I'/Library/Frameworks/R.framework/Versions/4.5-arm64/Resources/library/RcppParallel/include' -I'/Library/Frameworks/R.framework/Versions/4.5-arm64/Resources/library/opencltools/include' -I/opt/R/arm64/include   -I/Library/Frameworks/R.framework/Versions/4.5-arm64/Resources/library/RcppParallel/include -fPIC  -falign-functions=64 -Wall -g -O2   -c RcppExports.cpp -o RcppExports.o
clang++ -arch arm64 -std=gnu++17 -I"/Library/Frameworks/R.framework/Resources/include" -DNDEBUG  -I'/Library/Frameworks/R.framework/Versions/4.5-arm64/Resources/library/Rcpp/include' -I'/Library/Frameworks/R.framework/Versions/4.5-arm64/Resources/library/RcppArmadillo/include' -I'/Library/Frameworks/R.framework/Versions/4.5-arm64/Resources/library/RcppParallel/include' -I'/Library/Frameworks/R.framework/Versions/4.5-arm64/Resources/library/opencltools/include' -I/opt/R/arm64/include   -I/Library/Frameworks/R.framework/Versions/4.5-arm64/Resources/library/RcppParallel/include -fPIC  -falign-functions=64 -Wall -g -O2   -c Set_Grid.cpp -o Set_Grid.o
clang++ -arch arm64 -std=gnu++17 -I"/Library/Frameworks/R.framework/Resources/include" -DNDEBUG  -I'/Library/Frameworks/R.framework/Versions/4.5-arm64/Resources/library/Rcpp/include' -I'/Library/Frameworks/R.framework/Versions/4.5-arm64/Resources/library/RcppArmadillo/include' -I'/Library/Frameworks/R.framework/Versions/4.5-arm64/Resources/library/RcppParallel/include' -I'/Library/Frameworks/R.framework/Versions/4.5-arm64/Resources/library/opencltools/include' -I/opt/R/arm64/include   -I/Library/Frameworks/R.framework/Versions/4.5-arm64/Resources/library/RcppParallel/include -fPIC  -falign-functions=64 -Wall -g -O2   -c Set_LogP.cpp -o Set_LogP.o
clang++ -arch arm64 -std=gnu++17 -I"/Library/Frameworks/R.framework/Resources/include" -DNDEBUG  -I'/Library/Frameworks/R.framework/Versions/4.5-arm64/Resources/library/Rcpp/include' -I'/Library/Frameworks/R.framework/Versions/4.5-arm64/Resources/library/RcppArmadillo/include' -I'/Library/Frameworks/R.framework/Versions/4.5-arm64/Resources/library/RcppParallel/include' -I'/Library/Frameworks/R.framework/Versions/4.5-arm64/Resources/library/opencltools/include' -I/opt/R/arm64/include   -I/Library/Frameworks/R.framework/Versions/4.5-arm64/Resources/library/RcppParallel/include -fPIC  -falign-functions=64 -Wall -g -O2   -c configure_OpenCL.cpp -o configure_OpenCL.o
clang++ -arch arm64 -std=gnu++17 -I"/Library/Frameworks/R.framework/Resources/include" -DNDEBUG  -I'/Library/Frameworks/R.framework/Versions/4.5-arm64/Resources/library/Rcpp/include' -I'/Library/Frameworks/R.framework/Versions/4.5-arm64/Resources/library/RcppArmadillo/include' -I'/Library/Frameworks/R.framework/Versions/4.5-arm64/Resources/library/RcppParallel/include' -I'/Library/Frameworks/R.framework/Versions/4.5-arm64/Resources/library/opencltools/include' -I/opt/R/arm64/include   -I/Library/Frameworks/R.framework/Versions/4.5-arm64/Resources/library/RcppParallel/include -fPIC  -falign-functions=64 -Wall -g -O2   -c cuda_probe.cpp -o cuda_probe.o
clang++ -arch arm64 -std=gnu++17 -I"/Library/Frameworks/R.framework/Resources/include" -DNDEBUG  -I'/Library/Frameworks/R.framework/Versions/4.5-arm64/Resources/library/Rcpp/include' -I'/Library/Frameworks/R.framework/Versions/4.5-arm64/Resources/library/RcppArmadillo/include' -I'/Library/Frameworks/R.framework/Versions/4.5-arm64/Resources/library/RcppParallel/include' -I'/Library/Frameworks/R.framework/Versions/4.5-arm64/Resources/library/opencltools/include' -I/opt/R/arm64/include   -I/Library/Frameworks/R.framework/Versions/4.5-arm64/Resources/library/RcppParallel/include -fPIC  -falign-functions=64 -Wall -g -O2   -c envelope_refine.cpp -o envelope_refine.o
clang++ -arch arm64 -std=gnu++17 -I"/Library/Frameworks/R.framework/Resources/include" -DNDEBUG  -I'/Library/Frameworks/R.framework/Versions/4.5-arm64/Resources/library/Rcpp/include' -I'/Library/Frameworks/R.framework/Versions/4.5-arm64/Resources/library/RcppArmadillo/include' -I'/Library/Frameworks/R.framework/Versions/4.5-arm64/Resources/library/RcppParallel/include' -I'/Library/Frameworks/R.framework/Versions/4.5-arm64/Resources/library/opencltools/include' -I/opt/R/arm64/include   -I/Library/Frameworks/R.framework/Versions/4.5-arm64/Resources/library/RcppParallel/include -fPIC  -falign-functions=64 -Wall -g -O2   -c export_wrappers.cpp -o export_wrappers.o
clang++ -arch arm64 -std=gnu++17 -I"/Library/Frameworks/R.framework/Resources/include" -DNDEBUG  -I'/Library/Frameworks/R.framework/Versions/4.5-arm64/Resources/library/Rcpp/include' -I'/Library/Frameworks/R.framework/Versions/4.5-arm64/Resources/library/RcppArmadillo/include' -I'/Library/Frameworks/R.framework/Versions/4.5-arm64/Resources/library/RcppParallel/include' -I'/Library/Frameworks/R.framework/Versions/4.5-arm64/Resources/library/opencltools/include' -I/opt/R/arm64/include   -I/Library/Frameworks/R.framework/Versions/4.5-arm64/Resources/library/RcppParallel/include -fPIC  -falign-functions=64 -Wall -g -O2   -c famfuncs_Gamma.cpp -o famfuncs_Gamma.o
clang++ -arch arm64 -std=gnu++17 -I"/Library/Frameworks/R.framework/Resources/include" -DNDEBUG  -I'/Library/Frameworks/R.framework/Versions/4.5-arm64/Resources/library/Rcpp/include' -I'/Library/Frameworks/R.framework/Versions/4.5-arm64/Resources/library/RcppArmadillo/include' -I'/Library/Frameworks/R.framework/Versions/4.5-arm64/Resources/library/RcppParallel/include' -I'/Library/Frameworks/R.framework/Versions/4.5-arm64/Resources/library/opencltools/include' -I/opt/R/arm64/include   -I/Library/Frameworks/R.framework/Versions/4.5-arm64/Resources/library/RcppParallel/include -fPIC  -falign-functions=64 -Wall -g -O2   -c famfuncs_binomial.cpp -o famfuncs_binomial.o
clang++ -arch arm64 -std=gnu++17 -I"/Library/Frameworks/R.framework/Resources/include" -DNDEBUG  -I'/Library/Frameworks/R.framework/Versions/4.5-arm64/Resources/library/Rcpp/include' -I'/Library/Frameworks/R.framework/Versions/4.5-arm64/Resources/library/RcppArmadillo/include' -I'/Library/Frameworks/R.framework/Versions/4.5-arm64/Resources/library/RcppParallel/include' -I'/Library/Frameworks/R.framework/Versions/4.5-arm64/Resources/library/opencltools/include' -I/opt/R/arm64/include   -I/Library/Frameworks/R.framework/Versions/4.5-arm64/Resources/library/RcppParallel/include -fPIC  -falign-functions=64 -Wall -g -O2   -c famfuncs_cmb.cpp -o famfuncs_cmb.o
clang++ -arch arm64 -std=gnu++17 -I"/Library/Frameworks/R.framework/Resources/include" -DNDEBUG  -I'/Library/Frameworks/R.framework/Versions/4.5-arm64/Resources/library/Rcpp/include' -I'/Library/Frameworks/R.framework/Versions/4.5-arm64/Resources/library/RcppArmadillo/include' -I'/Library/Frameworks/R.framework/Versions/4.5-arm64/Resources/library/RcppParallel/include' -I'/Library/Frameworks/R.framework/Versions/4.5-arm64/Resources/library/opencltools/include' -I/opt/R/arm64/include   -I/Library/Frameworks/R.framework/Versions/4.5-arm64/Resources/library/RcppParallel/include -fPIC  -falign-functions=64 -Wall -g -O2   -c famfuncs_gaussian.cpp -o famfuncs_gaussian.o
clang++ -arch arm64 -std=gnu++17 -I"/Library/Frameworks/R.framework/Resources/include" -DNDEBUG  -I'/Library/Frameworks/R.framework/Versions/4.5-arm64/Resources/library/Rcpp/include' -I'/Library/Frameworks/R.framework/Versions/4.5-arm64/Resources/library/RcppArmadillo/include' -I'/Library/Frameworks/R.framework/Versions/4.5-arm64/Resources/library/RcppParallel/include' -I'/Library/Frameworks/R.framework/Versions/4.5-arm64/Resources/library/opencltools/include' -I/opt/R/arm64/include   -I/Library/Frameworks/R.framework/Versions/4.5-arm64/Resources/library/RcppParallel/include -fPIC  -falign-functions=64 -Wall -g -O2   -c famfuncs_poisson.cpp -o famfuncs_poisson.o
clang++ -arch arm64 -std=gnu++17 -I"/Library/Frameworks/R.framework/Resources/include" -DNDEBUG  -I'/Library/Frameworks/R.framework/Versions/4.5-arm64/Resources/library/Rcpp/include' -I'/Library/Frameworks/R.framework/Versions/4.5-arm64/Resources/library/RcppArmadillo/include' -I'/Library/Frameworks/R.framework/Versions/4.5-arm64/Resources/library/RcppParallel/include' -I'/Library/Frameworks/R.framework/Versions/4.5-arm64/Resources/library/opencltools/include' -I/opt/R/arm64/include   -I/Library/Frameworks/R.framework/Versions/4.5-arm64/Resources/library/RcppParallel/include -fPIC  -falign-functions=64 -Wall -g -O2   -c invgamma_ct.cpp -o invgamma_ct.o
clang++ -arch arm64 -std=gnu++17 -I"/Library/Frameworks/R.framework/Resources/include" -DNDEBUG  -I'/Library/Frameworks/R.framework/Versions/4.5-arm64/Resources/library/Rcpp/include' -I'/Library/Frameworks/R.framework/Versions/4.5-arm64/Resources/library/RcppArmadillo/include' -I'/Library/Frameworks/R.framework/Versions/4.5-arm64/Resources/library/RcppParallel/include' -I'/Library/Frameworks/R.framework/Versions/4.5-arm64/Resources/library/opencltools/include' -I/opt/R/arm64/include   -I/Library/Frameworks/R.framework/Versions/4.5-arm64/Resources/library/RcppParallel/include -fPIC  -falign-functions=64 -Wall -g -O2   -c kernel_loader.cpp -o kernel_loader.o
kernel_loader.cpp:14:13: warning: unused function 'opencltools_take_cstr' [-Wunused-function]
std::string opencltools_take_cstr(const char* p) {
            ^
1 warning generated.
clang++ -arch arm64 -std=gnu++17 -I"/Library/Frameworks/R.framework/Resources/include" -DNDEBUG  -I'/Library/Frameworks/R.framework/Versions/4.5-arm64/Resources/library/Rcpp/include' -I'/Library/Frameworks/R.framework/Versions/4.5-arm64/Resources/library/RcppArmadillo/include' -I'/Library/Frameworks/R.framework/Versions/4.5-arm64/Resources/library/RcppParallel/include' -I'/Library/Frameworks/R.framework/Versions/4.5-arm64/Resources/library/opencltools/include' -I/opt/R/arm64/include   -I/Library/Frameworks/R.framework/Versions/4.5-arm64/Resources/library/RcppParallel/include -fPIC  -falign-functions=64 -Wall -g -O2   -c kernel_runners.cpp -o kernel_runners.o
clang++ -arch arm64 -std=gnu++17 -I"/Library/Frameworks/R.framework/Resources/include" -DNDEBUG  -I'/Library/Frameworks/R.framework/Versions/4.5-arm64/Resources/library/Rcpp/include' -I'/Library/Frameworks/R.framework/Versions/4.5-arm64/Resources/library/RcppArmadillo/include' -I'/Library/Frameworks/R.framework/Versions/4.5-arm64/Resources/library/RcppParallel/include' -I'/Library/Frameworks/R.framework/Versions/4.5-arm64/Resources/library/opencltools/include' -I/opt/R/arm64/include   -I/Library/Frameworks/R.framework/Versions/4.5-arm64/Resources/library/RcppParallel/include -fPIC  -falign-functions=64 -Wall -g -O2   -c kernel_wrappers.cpp -o kernel_wrappers.o
clang++ -arch arm64 -std=gnu++17 -I"/Library/Frameworks/R.framework/Resources/include" -DNDEBUG  -I'/Library/Frameworks/R.framework/Versions/4.5-arm64/Resources/library/Rcpp/include' -I'/Library/Frameworks/R.framework/Versions/4.5-arm64/Resources/library/RcppArmadillo/include' -I'/Library/Frameworks/R.framework/Versions/4.5-arm64/Resources/library/RcppParallel/include' -I'/Library/Frameworks/R.framework/Versions/4.5-arm64/Resources/library/opencltools/include' -I/opt/R/arm64/include   -I/Library/Frameworks/R.framework/Versions/4.5-arm64/Resources/library/RcppParallel/include -fPIC  -falign-functions=64 -Wall -g -O2   -c opencl_detect.cpp -o opencl_detect.o
clang++ -arch arm64 -std=gnu++17 -I"/Library/Frameworks/R.framework/Resources/include" -DNDEBUG  -I'/Library/Frameworks/R.framework/Versions/4.5-arm64/Resources/library/Rcpp/include' -I'/Library/Frameworks/R.framework/Versions/4.5-arm64/Resources/library/RcppArmadillo/include' -I'/Library/Frameworks/R.framework/Versions/4.5-arm64/Resources/library/RcppParallel/include' -I'/Library/Frameworks/R.framework/Versions/4.5-arm64/Resources/library/opencltools/include' -I/opt/R/arm64/include   -I/Library/Frameworks/R.framework/Versions/4.5-arm64/Resources/library/RcppParallel/include -fPIC  -falign-functions=64 -Wall -g -O2   -c progress_utils.cpp -o progress_utils.o
clang++ -arch arm64 -std=gnu++17 -I"/Library/Frameworks/R.framework/Resources/include" -DNDEBUG  -I'/Library/Frameworks/R.framework/Versions/4.5-arm64/Resources/library/Rcpp/include' -I'/Library/Frameworks/R.framework/Versions/4.5-arm64/Resources/library/RcppArmadillo/include' -I'/Library/Frameworks/R.framework/Versions/4.5-arm64/Resources/library/RcppParallel/include' -I'/Library/Frameworks/R.framework/Versions/4.5-arm64/Resources/library/opencltools/include' -I/opt/R/arm64/include   -I/Library/Frameworks/R.framework/Versions/4.5-arm64/Resources/library/RcppParallel/include -fPIC  -falign-functions=64 -Wall -g -O2   -c rGammaGamma.cpp -o rGammaGamma.o
clang++ -arch arm64 -std=gnu++17 -I"/Library/Frameworks/R.framework/Resources/include" -DNDEBUG  -I'/Library/Frameworks/R.framework/Versions/4.5-arm64/Resources/library/Rcpp/include' -I'/Library/Frameworks/R.framework/Versions/4.5-arm64/Resources/library/RcppArmadillo/include' -I'/Library/Frameworks/R.framework/Versions/4.5-arm64/Resources/library/RcppParallel/include' -I'/Library/Frameworks/R.framework/Versions/4.5-arm64/Resources/library/opencltools/include' -I/opt/R/arm64/include   -I/Library/Frameworks/R.framework/Versions/4.5-arm64/Resources/library/RcppParallel/include -fPIC  -falign-functions=64 -Wall -g -O2   -c rGammaGaussian.cpp -o rGammaGaussian.o
clang++ -arch arm64 -std=gnu++17 -I"/Library/Frameworks/R.framework/Resources/include" -DNDEBUG  -I'/Library/Frameworks/R.framework/Versions/4.5-arm64/Resources/library/Rcpp/include' -I'/Library/Frameworks/R.framework/Versions/4.5-arm64/Resources/library/RcppArmadillo/include' -I'/Library/Frameworks/R.framework/Versions/4.5-arm64/Resources/library/RcppParallel/include' -I'/Library/Frameworks/R.framework/Versions/4.5-arm64/Resources/library/opencltools/include' -I/opt/R/arm64/include   -I/Library/Frameworks/R.framework/Versions/4.5-arm64/Resources/library/RcppParallel/include -fPIC  -falign-functions=64 -Wall -g -O2   -c rIndepNormalGammaReg.cpp -o rIndepNormalGammaReg.o
clang++ -arch arm64 -std=gnu++17 -I"/Library/Frameworks/R.framework/Resources/include" -DNDEBUG  -I'/Library/Frameworks/R.framework/Versions/4.5-arm64/Resources/library/Rcpp/include' -I'/Library/Frameworks/R.framework/Versions/4.5-arm64/Resources/library/RcppArmadillo/include' -I'/Library/Frameworks/R.framework/Versions/4.5-arm64/Resources/library/RcppParallel/include' -I'/Library/Frameworks/R.framework/Versions/4.5-arm64/Resources/library/opencltools/include' -I/opt/R/arm64/include   -I/Library/Frameworks/R.framework/Versions/4.5-arm64/Resources/library/RcppParallel/include -fPIC  -falign-functions=64 -Wall -g -O2   -c rNormalGLM.cpp -o rNormalGLM.o
clang++ -arch arm64 -std=gnu++17 -I"/Library/Frameworks/R.framework/Resources/include" -DNDEBUG  -I'/Library/Frameworks/R.framework/Versions/4.5-arm64/Resources/library/Rcpp/include' -I'/Library/Frameworks/R.framework/Versions/4.5-arm64/Resources/library/RcppArmadillo/include' -I'/Library/Frameworks/R.framework/Versions/4.5-arm64/Resources/library/RcppParallel/include' -I'/Library/Frameworks/R.framework/Versions/4.5-arm64/Resources/library/opencltools/include' -I/opt/R/arm64/include   -I/Library/Frameworks/R.framework/Versions/4.5-arm64/Resources/library/RcppParallel/include -fPIC  -falign-functions=64 -Wall -g -O2   -c rNormalGLMBlocks.cpp -o rNormalGLMBlocks.o
clang++ -arch arm64 -std=gnu++17 -I"/Library/Frameworks/R.framework/Resources/include" -DNDEBUG  -I'/Library/Frameworks/R.framework/Versions/4.5-arm64/Resources/library/Rcpp/include' -I'/Library/Frameworks/R.framework/Versions/4.5-arm64/Resources/library/RcppArmadillo/include' -I'/Library/Frameworks/R.framework/Versions/4.5-arm64/Resources/library/RcppParallel/include' -I'/Library/Frameworks/R.framework/Versions/4.5-arm64/Resources/library/opencltools/include' -I/opt/R/arm64/include   -I/Library/Frameworks/R.framework/Versions/4.5-arm64/Resources/library/RcppParallel/include -fPIC  -falign-functions=64 -Wall -g -O2   -c rNormalGammaReg.cpp -o rNormalGammaReg.o
clang++ -arch arm64 -std=gnu++17 -I"/Library/Frameworks/R.framework/Resources/include" -DNDEBUG  -I'/Library/Frameworks/R.framework/Versions/4.5-arm64/Resources/library/Rcpp/include' -I'/Library/Frameworks/R.framework/Versions/4.5-arm64/Resources/library/RcppArmadillo/include' -I'/Library/Frameworks/R.framework/Versions/4.5-arm64/Resources/library/RcppParallel/include' -I'/Library/Frameworks/R.framework/Versions/4.5-arm64/Resources/library/opencltools/include' -I/opt/R/arm64/include   -I/Library/Frameworks/R.framework/Versions/4.5-arm64/Resources/library/RcppParallel/include -fPIC  -falign-functions=64 -Wall -g -O2   -c rNormalReg.cpp -o rNormalReg.o
clang++ -arch arm64 -std=gnu++17 -I"/Library/Frameworks/R.framework/Resources/include" -DNDEBUG  -I'/Library/Frameworks/R.framework/Versions/4.5-arm64/Resources/library/Rcpp/include' -I'/Library/Frameworks/R.framework/Versions/4.5-arm64/Resources/library/RcppArmadillo/include' -I'/Library/Frameworks/R.framework/Versions/4.5-arm64/Resources/library/RcppParallel/include' -I'/Library/Frameworks/R.framework/Versions/4.5-arm64/Resources/library/opencltools/include' -I/opt/R/arm64/include   -I/Library/Frameworks/R.framework/Versions/4.5-arm64/Resources/library/RcppParallel/include -fPIC  -falign-functions=64 -Wall -g -O2   -c rng_utils.cpp -o rng_utils.o
clang++ -arch arm64 -std=gnu++17 -I"/Library/Frameworks/R.framework/Resources/include" -DNDEBUG  -I'/Library/Frameworks/R.framework/Versions/4.5-arm64/Resources/library/Rcpp/include' -I'/Library/Frameworks/R.framework/Versions/4.5-arm64/Resources/library/RcppArmadillo/include' -I'/Library/Frameworks/R.framework/Versions/4.5-arm64/Resources/library/RcppParallel/include' -I'/Library/Frameworks/R.framework/Versions/4.5-arm64/Resources/library/opencltools/include' -I/opt/R/arm64/include   -I/Library/Frameworks/R.framework/Versions/4.5-arm64/Resources/library/RcppParallel/include -fPIC  -falign-functions=64 -Wall -g -O2   -c rnorm_ct.cpp -o rnorm_ct.o
clang++ -arch arm64 -std=gnu++17 -dynamiclib -Wl,-headerpad_max_install_names -undefined dynamic_lookup -L/Library/Frameworks/R.framework/Resources/lib -L/opt/R/arm64/lib -o glmbayes.so EnvelopeBuild.o EnvelopeBuild_Ind_Normal_Gamma.o EnvelopeCentering.o EnvelopeDispersionBuild.o EnvelopeEval.o EnvelopeOrchestrator.o EnvelopeSize.o EnvelopeSort.o OpenCL_helper.o RcppExports.o Set_Grid.o Set_LogP.o configure_OpenCL.o cuda_probe.o envelope_refine.o export_wrappers.o famfuncs_Gamma.o famfuncs_binomial.o famfuncs_cmb.o famfuncs_gaussian.o famfuncs_poisson.o invgamma_ct.o kernel_loader.o kernel_runners.o kernel_wrappers.o opencl_detect.o progress_utils.o rGammaGamma.o rGammaGaussian.o rIndepNormalGammaReg.o rNormalGLM.o rNormalGLMBlocks.o rNormalGammaReg.o rNormalReg.o rng_utils.o rnorm_ct.o -L/Library/Frameworks/R.framework/Resources/lib -lRlapack -L/Library/Frameworks/R.framework/Resources/lib -lRblas -L/opt/gfortran/lib/gcc/aarch64-apple-darwin20.0/14.2.0 -L/opt/gfortran/lib -lemutls_w -lheapt_w -lgfortran -lquadmath -L/Library/Frameworks/R.framework/Versions/4.5-arm64/Resources/library/RcppParallel/lib -ltbb -ltbbmalloc -Wl,-rpath,/Library/Frameworks/R.framework/Versions/4.5-arm64/Resources/library/RcppParallel/lib -F/Library/Frameworks/R.framework/.. -framework R
ld: warning: could not create compact unwind for ___emutls_get_address: does not use standard frame
ld: warning: could not create compact unwind for _allocate_tramp_ctrl: does not use standard frame
ld: warning: could not create compact unwind for ___gcc_nested_func_ptr_created: does not use standard frame
ld: warning: could not create compact unwind for ___gcc_nested_func_ptr_deleted: does not use standard frame
installing to [review-root]/library/00LOCK-source/00new/glmbayes/libs
** R
** data
*** moving datasets to lazyload DB
** demo
** inst
** byte-compile and prepare package for lazy loading
During startup - Warning messages:
1: Setting LC_CTYPE failed, using "C" 
2: Setting LC_COLLATE failed, using "C" 
3: Setting LC_TIME failed, using "C" 
4: Setting LC_MESSAGES failed, using "C" 
5: Setting LC_MONETARY failed, using "C" 
** help
*** installing help indices
** building package indices
During startup - Warning messages:
1: Setting LC_CTYPE failed, using "C" 
2: Setting LC_COLLATE failed, using "C" 
3: Setting LC_TIME failed, using "C" 
4: Setting LC_MESSAGES failed, using "C" 
5: Setting LC_MONETARY failed, using "C" 
** installing vignettes
** testing if installed package can be loaded from temporary location
During startup - Warning messages:
1: Setting LC_CTYPE failed, using "C" 
2: Setting LC_COLLATE failed, using "C" 
3: Setting LC_TIME failed, using "C" 
4: Setting LC_MESSAGES failed, using "C" 
5: Setting LC_MONETARY failed, using "C" 
** checking absolute paths in shared objects and dynamic libraries
** testing if installed package can be loaded from final location
During startup - Warning messages:
1: Setting LC_CTYPE failed, using "C" 
2: Setting LC_COLLATE failed, using "C" 
3: Setting LC_TIME failed, using "C" 
4: Setting LC_MESSAGES failed, using "C" 
5: Setting LC_MONETARY failed, using "C" 
** testing if installed package keeps a record of temporary installation path
* DONE (glmbayes)
